// Jest Snapshot v1, https://goo.gl/fbAQLP

exports[`GameInfo should render and should not change unexpectedly 1`] = `
<div
  className="game-info box"
>
  <div
    className="columns"
  >
    <div
      className="column"
    >
      <p>
        <span
          data-test="away-team-name"
        >
          BUF
        </span>
         
        <span
          className="game-info__score"
          data-test="away-team-score"
        >
          4
        </span>
      </p>
      <p>
        <span
          data-test="home-team-name"
        >
          DET
        </span>
         
        <span
          className="game-info__score"
          data-test="home-team-score"
        >
          5
        </span>
      </p>
    </div>
    <div
      className="column"
    >
      <p
        data-test="game-status"
      >
        Final
      </p>
    </div>
  </div>
</div>
`;
