// Jest Snapshot v1, https://goo.gl/fbAQLP

exports[`GameCarousel sould render and should not change unexpectedly 1`] = `
<div
  className="carousel game-carousel"
>
  <button
    aria-label="previous"
    className="buttonBack___1mlaL carousel__back-button game-carousel__button"
    disabled={true}
    onClick={[Function]}
    type="button"
  >
    <strong>
      &lt;
    </strong>
  </button>
  <div
    aria-live="polite"
    className="horizontalSlider___281Ls carousel__slider carousel__slider--horizontal game-carousel__slider"
    onKeyDown={[Function]}
    role="listbox"
    style={Object {}}
    tabIndex={0}
  >
    <div
      className="carousel__slider-tray-wrapper carousel__slider-tray-wrap--horizontal"
      style={Object {}}
    >
      <ul
        className="sliderTray___-vHFQ sliderAnimation___300FY carousel__slider-tray carousel__slider-tray--horizontal"
        onClickCapture={[Function]}
        onMouseDown={[Function]}
        onTouchCancel={[Function]}
        onTouchEnd={[Function]}
        onTouchMove={[Function]}
        onTouchStart={[Function]}
        style={
          Object {
            "transform": "translateX(0%) translateX(0px)",
            "width": "100%",
          }
        }
      >
        <li
          aria-selected={true}
          className="slide___3-Nqo slideHorizontal___1NzNV carousel__slide carousel__slide--visible"
          data-test="slide"
          onBlur={[Function]}
          onFocus={[Function]}
          role="option"
          style={
            Object {
              "paddingBottom": "19.047619047619047%",
              "width": "33.333333333333336%",
            }
          }
          tabIndex={0}
        >
          <div
            className="slideInner___2mfX9 carousel__inner-slide"
          >
            <div
              className="game-info"
            >
              <div
                className="game-info__scores"
              >
                <div
                  className="row"
                >
                  <div
                    className="col s6"
                    data-test="away-team-name"
                  >
                    DET
                  </div>
                  <div
                    className="col s6"
                    data-test="away-team-score"
                  >
                    5
                  </div>
                </div>
                <div
                  className="row"
                >
                  <div
                    className="col s6"
                    data-test="home-team-name"
                  >
                    BUF
                  </div>
                  <div
                    className="col s6"
                    data-test="home-team-score"
                  >
                    4
                  </div>
                </div>
              </div>
              <div
                className="game-info__game-state"
                data-test="game-status"
              >
                FINAL
              </div>
            </div>
          </div>
        </li>
        <li
          aria-selected={true}
          className="slide___3-Nqo slideHorizontal___1NzNV carousel__slide carousel__slide--visible"
          data-test="slide"
          onBlur={[Function]}
          onFocus={[Function]}
          role="option"
          style={
            Object {
              "paddingBottom": "19.047619047619047%",
              "width": "33.333333333333336%",
            }
          }
          tabIndex={0}
        >
          <div
            className="slideInner___2mfX9 carousel__inner-slide"
          >
            <div
              className="game-info"
            >
              <div
                className="game-info__scores"
              >
                <div
                  className="row"
                >
                  <div
                    className="col s6"
                    data-test="away-team-name"
                  >
                    CHI
                  </div>
                  <div
                    className="col s6"
                    data-test="away-team-score"
                  >
                    3
                  </div>
                </div>
                <div
                  className="row"
                >
                  <div
                    className="col s6"
                    data-test="home-team-name"
                  >
                    WIN
                  </div>
                  <div
                    className="col s6"
                    data-test="home-team-score"
                  >
                    4
                  </div>
                </div>
              </div>
              <div
                className="game-info__game-state"
                data-test="game-status"
              >
                3RD
              </div>
            </div>
          </div>
        </li>
        <li
          aria-selected={true}
          className="slide___3-Nqo slideHorizontal___1NzNV carousel__slide carousel__slide--visible"
          data-test="slide"
          onBlur={[Function]}
          onFocus={[Function]}
          role="option"
          style={
            Object {
              "paddingBottom": "19.047619047619047%",
              "width": "33.333333333333336%",
            }
          }
          tabIndex={0}
        >
          <div
            className="slideInner___2mfX9 carousel__inner-slide"
          >
            <div
              className="game-info"
            >
              <div
                className="game-info__scores"
              >
                <div
                  className="row"
                >
                  <div
                    className="col s6"
                    data-test="away-team-name"
                  >
                    SJS
                  </div>
                  <div
                    className="col s6"
                    data-test="away-team-score"
                  >
                    2
                  </div>
                </div>
                <div
                  className="row"
                >
                  <div
                    className="col s6"
                    data-test="home-team-name"
                  >
                    ARI
                  </div>
                  <div
                    className="col s6"
                    data-test="home-team-score"
                  >
                    1
                  </div>
                </div>
              </div>
              <div
                className="game-info__game-state"
                data-test="game-status"
              >
                1ST
              </div>
            </div>
          </div>
        </li>
      </ul>
    </div>
  </div>
  <button
    aria-label="next"
    className="buttonNext___2mOCa carousel__next-button game-carousel__button"
    disabled={true}
    onClick={[Function]}
    type="button"
  >
    <strong>
      &gt;
    </strong>
  </button>
</div>
`;
