// Jest Snapshot v1, https://goo.gl/fbAQLP

exports[`GoalieTable should match snapshot 1`] = `
<table
  className="table is-narrow is-hoverable is-fullwidth"
>
  <thead>
    <tr>
      <th>
        Season
      </th>
      <th>
        Team
      </th>
      <th>
        <abbr
          title="Games Played"
        >
          GP
        </abbr>
      </th>
      <th>
        <abbr
          title="Games Started"
        >
          GS
        </abbr>
      </th>
      <th>
        <abbr
          title="Wins"
        >
          W
        </abbr>
      </th>
      <th>
        <abbr
          title="Losses"
        >
          L
        </abbr>
      </th>
      <th>
        <abbr
          title="Ties"
        >
          T
        </abbr>
      </th>
      <th>
        <abbr
          title="Overtime Losses"
        >
          OTL
        </abbr>
      </th>
      <th>
        <abbr
          title="Shots Against"
        >
          SA
        </abbr>
      </th>
      <th>
        <abbr
          title="Goals Against"
        >
          GA
        </abbr>
      </th>
      <th>
        <abbr
          title="Goals Against Average"
        >
          GAA
        </abbr>
      </th>
      <th>
        <abbr
          title="Saves"
        >
          S
        </abbr>
      </th>
      <th>
        <abbr
          title="Save Percentage"
        >
          S%
        </abbr>
      </th>
      <th>
        <abbr
          title="Shutouts"
        >
          SO
        </abbr>
      </th>
      <th>
        <abbr
          title="Minutes"
        >
          MIN
        </abbr>
      </th>
    </tr>
  </thead>
  <tbody>
    <tr>
      <td>
        2018-2019
      </td>
      <td>
        PHI
      </td>
      <td>
        30
      </td>
      <td>
        29
      </td>
      <td>
        16
      </td>
      <td>
        12
      </td>
      <td>
        0
      </td>
      <td>
        1
      </td>
      <td>
        948
      </td>
      <td>
        77
      </td>
      <td>
        2.79
      </td>
      <td>
        871
      </td>
      <td>
        0.919
      </td>
      <td>
        0
      </td>
      <td>
        1658:22
      </td>
    </tr>
    <tr>
      <td>
        <strong>
          Career
        </strong>
      </td>
      <td />
      <td>
        <strong>
          30
        </strong>
      </td>
      <td>
        <strong>
          29
        </strong>
      </td>
      <td>
        <strong>
          16
        </strong>
      </td>
      <td>
        <strong>
          12
        </strong>
      </td>
      <td>
        <strong />
      </td>
      <td>
        <strong>
          1
        </strong>
      </td>
      <td>
        <strong>
          948
        </strong>
      </td>
      <td>
        <strong>
          77
        </strong>
      </td>
      <td>
        <strong>
          2.78587
        </strong>
      </td>
      <td>
        <strong>
          871
        </strong>
      </td>
      <td>
        <strong>
          0.918776
        </strong>
      </td>
      <td>
        <strong>
          0
        </strong>
      </td>
      <td>
        <strong>
          1658:22
        </strong>
      </td>
    </tr>
  </tbody>
</table>
`;
