// Jest Snapshot v1, https://goo.gl/fbAQLP

exports[`GoalieTable should match snapshot 1`] = `
<table
  className="jsx-1823102791 table is-narrow is-hoverable is-fullwidth"
>
  <thead
    className="jsx-1823102791"
  >
    <tr
      className="jsx-1823102791"
    >
      <th
        className="jsx-1823102791"
      >
        <button
          className="jsx-1823102791 sort-button"
          onClick={[Function]}
          type="button"
        >
          Season
        </button>
      </th>
      <th
        className="jsx-1823102791"
      >
        Team
      </th>
      <th
        className="jsx-1823102791"
      >
        <button
          className="jsx-1823102791 sort-button"
          onClick={[Function]}
          type="button"
        >
          <abbr
            className="jsx-1823102791"
            title="Games Played"
          >
            GP
          </abbr>
        </button>
      </th>
      <th
        className="jsx-1823102791"
      >
        <button
          className="jsx-1823102791 sort-button"
          onClick={[Function]}
          type="button"
        >
          <abbr
            className="jsx-1823102791"
            title="Games Played"
          >
            GS
          </abbr>
        </button>
      </th>
      <th
        className="jsx-1823102791"
      >
        <button
          className="jsx-1823102791 sort-button"
          onClick={[Function]}
          type="button"
        >
          <abbr
            className="jsx-1823102791"
            title="Games Played"
          >
            W
          </abbr>
        </button>
      </th>
      <th
        className="jsx-1823102791"
      >
        <button
          className="jsx-1823102791 sort-button"
          onClick={[Function]}
          type="button"
        >
          <abbr
            className="jsx-1823102791"
            title="Games Played"
          >
            L
          </abbr>
        </button>
      </th>
      <th
        className="jsx-1823102791"
      >
        <button
          className="jsx-1823102791 sort-button"
          onClick={[Function]}
          type="button"
        >
          <abbr
            className="jsx-1823102791"
            title="Games Played"
          >
            T
          </abbr>
        </button>
      </th>
      <th
        className="jsx-1823102791"
      >
        <button
          className="jsx-1823102791 sort-button"
          onClick={[Function]}
          type="button"
        >
          <abbr
            className="jsx-1823102791"
            title="Games Played"
          >
            OTL
          </abbr>
        </button>
      </th>
      <th
        className="jsx-1823102791"
      >
        <button
          className="jsx-1823102791 sort-button"
          onClick={[Function]}
          type="button"
        >
          <abbr
            className="jsx-1823102791"
            title="Games Played"
          >
            SA
          </abbr>
        </button>
      </th>
      <th
        className="jsx-1823102791"
      >
        <button
          className="jsx-1823102791 sort-button"
          onClick={[Function]}
          type="button"
        >
          <abbr
            className="jsx-1823102791"
            title="Games Played"
          >
            GA
          </abbr>
        </button>
      </th>
      <th
        className="jsx-1823102791"
      >
        <button
          className="jsx-1823102791 sort-button"
          onClick={[Function]}
          type="button"
        >
          <abbr
            className="jsx-1823102791"
            title="Games Played"
          >
            GAA
          </abbr>
        </button>
      </th>
      <th
        className="jsx-1823102791"
      >
        <button
          className="jsx-1823102791 sort-button"
          onClick={[Function]}
          type="button"
        >
          <abbr
            className="jsx-1823102791"
            title="Games Played"
          >
            S
          </abbr>
        </button>
      </th>
      <th
        className="jsx-1823102791"
      >
        <button
          className="jsx-1823102791 sort-button"
          onClick={[Function]}
          type="button"
        >
          <abbr
            className="jsx-1823102791"
            title="Games Played"
          >
            S%
          </abbr>
        </button>
      </th>
      <th
        className="jsx-1823102791"
      >
        <button
          className="jsx-1823102791 sort-button"
          onClick={[Function]}
          type="button"
        >
          <abbr
            className="jsx-1823102791"
            title="Games Played"
          >
            SO
          </abbr>
        </button>
      </th>
      <th
        className="jsx-1823102791"
      >
        <button
          className="jsx-1823102791 sort-button"
          onClick={[Function]}
          type="button"
        >
          <abbr
            className="jsx-1823102791"
            title="Games Played"
          >
            MIN
          </abbr>
        </button>
      </th>
    </tr>
  </thead>
  <tbody
    className="jsx-1823102791"
  >
    <tr
      className="jsx-1823102791"
    >
      <td
        className="jsx-1823102791 "
      >
        2018-2019
      </td>
      <td
        className="jsx-1823102791"
      >
        PHI
      </td>
      <td
        className="jsx-1823102791 "
      >
        30
      </td>
      <td
        className="jsx-1823102791 "
      >
        29
      </td>
      <td
        className="jsx-1823102791 "
      >
        16
      </td>
      <td
        className="jsx-1823102791 "
      >
        12
      </td>
      <td
        className="jsx-1823102791 "
      >
        0
      </td>
      <td
        className="jsx-1823102791 "
      >
        1
      </td>
      <td
        className="jsx-1823102791 "
      >
        948
      </td>
      <td
        className="jsx-1823102791 "
      >
        77
      </td>
      <td
        className="jsx-1823102791 "
      >
        2.79
      </td>
      <td
        className="jsx-1823102791 "
      >
        871
      </td>
      <td
        className="jsx-1823102791 "
      >
        0.919
      </td>
      <td
        className="jsx-1823102791 "
      >
        0
      </td>
      <td
        className="jsx-1823102791 "
      >
        1658:22
      </td>
    </tr>
    <tr
      className="jsx-1823102791"
    >
      <td
        className="jsx-1823102791"
      >
        <strong
          className="jsx-1823102791"
        >
          Career
        </strong>
      </td>
      <td
        className="jsx-1823102791"
      />
      <td
        className="jsx-1823102791"
      >
        <strong
          className="jsx-1823102791"
        >
          30
        </strong>
      </td>
      <td
        className="jsx-1823102791"
      >
        <strong
          className="jsx-1823102791"
        >
          29
        </strong>
      </td>
      <td
        className="jsx-1823102791"
      >
        <strong
          className="jsx-1823102791"
        >
          16
        </strong>
      </td>
      <td
        className="jsx-1823102791"
      >
        <strong
          className="jsx-1823102791"
        >
          12
        </strong>
      </td>
      <td
        className="jsx-1823102791"
      >
        <strong
          className="jsx-1823102791"
        />
      </td>
      <td
        className="jsx-1823102791"
      >
        <strong
          className="jsx-1823102791"
        >
          1
        </strong>
      </td>
      <td
        className="jsx-1823102791"
      >
        <strong
          className="jsx-1823102791"
        >
          948
        </strong>
      </td>
      <td
        className="jsx-1823102791"
      >
        <strong
          className="jsx-1823102791"
        >
          77
        </strong>
      </td>
      <td
        className="jsx-1823102791"
      >
        <strong
          className="jsx-1823102791"
        >
          2.78587
        </strong>
      </td>
      <td
        className="jsx-1823102791"
      >
        <strong
          className="jsx-1823102791"
        >
          871
        </strong>
      </td>
      <td
        className="jsx-1823102791"
      >
        <strong
          className="jsx-1823102791"
        >
          0.918776
        </strong>
      </td>
      <td
        className="jsx-1823102791"
      >
        <strong
          className="jsx-1823102791"
        >
          0
        </strong>
      </td>
      <td
        className="jsx-1823102791"
      >
        <strong
          className="jsx-1823102791"
        >
          1658:22
        </strong>
      </td>
    </tr>
  </tbody>
</table>
`;
