// Jest Snapshot v1, https://goo.gl/fbAQLP

exports[`LastFiveGames should match snapshot 1`] = `
<div
  className="box"
>
  <h2
    className="title is-2"
  >
    Last Five Games
  </h2>
  <table
    className="table is-fullwidth is-narrow"
  >
    <thead>
      <tr>
        <th>
          Opponent
        </th>
        <th>
          <abbr
            title="Goals"
          >
            G
          </abbr>
        </th>
        <th>
          <abbr
            title="Assists"
          >
            A
          </abbr>
        </th>
        <th>
          <abbr
            title="Points"
          >
            P
          </abbr>
        </th>
        <th>
          <abbr
            title="Plus / Minus"
          >
            +/-
          </abbr>
        </th>
        <th>
          <abbr
            title="Penalty in Minutes"
          >
            PIM
          </abbr>
        </th>
        <th>
          <abbr
            title="Powerplay Goals"
          >
            PPG
          </abbr>
        </th>
        <th>
          <abbr
            title="Powerplay Points"
          >
            PPP
          </abbr>
        </th>
        <th>
          <abbr
            title="Shorthanded Goals"
          >
            SHG
          </abbr>
        </th>
        <th>
          <abbr
            title="Shorthanded Points"
          >
            SHP
          </abbr>
        </th>
        <th>
          <abbr
            title="Game Winning Goals"
          >
            GWG
          </abbr>
        </th>
        <th>
          <abbr
            title="Overtime Goals"
          >
            OTG
          </abbr>
        </th>
        <th>
          <abbr
            title="Shots"
          >
            S
          </abbr>
        </th>
        <th>
          <abbr
            title="Minutes"
          >
            MIN
          </abbr>
        </th>
      </tr>
    </thead>
    <tbody>
      <tr>
        <td>
          Pittsburgh Penguins
        </td>
        <td>
          0
        </td>
        <td>
          0
        </td>
        <td>
          0
        </td>
        <td>
          -1
        </td>
        <td>
          4
        </td>
        <td>
          0
        </td>
        <td>
          0
        </td>
        <td>
          0
        </td>
        <td>
          0
        </td>
        <td>
          0
        </td>
        <td>
          0
        </td>
        <td>
          4
        </td>
        <td>
          20:25
        </td>
      </tr>
      <tr>
        <td>
          Pittsburgh Penguins
        </td>
        <td>
          2
        </td>
        <td>
          1
        </td>
        <td>
          3
        </td>
        <td>
          2
        </td>
        <td>
          0
        </td>
        <td>
          1
        </td>
        <td>
          1
        </td>
        <td>
          0
        </td>
        <td>
          0
        </td>
        <td>
          1
        </td>
        <td>
          0
        </td>
        <td>
          5
        </td>
        <td>
          19:26
        </td>
      </tr>
      <tr>
        <td>
          Boston Bruins
        </td>
        <td>
          0
        </td>
        <td>
          3
        </td>
        <td>
          3
        </td>
        <td>
          1
        </td>
        <td>
          0
        </td>
        <td>
          0
        </td>
        <td>
          2
        </td>
        <td>
          0
        </td>
        <td>
          0
        </td>
        <td>
          0
        </td>
        <td>
          0
        </td>
        <td>
          1
        </td>
        <td>
          16:18
        </td>
      </tr>
      <tr>
        <td>
          New Jersey Devils
        </td>
        <td>
          1
        </td>
        <td>
          2
        </td>
        <td>
          3
        </td>
        <td>
          3
        </td>
        <td>
          0
        </td>
        <td>
          0
        </td>
        <td>
          0
        </td>
        <td>
          0
        </td>
        <td>
          0
        </td>
        <td>
          0
        </td>
        <td>
          0
        </td>
        <td>
          4
        </td>
        <td>
          16:19
        </td>
      </tr>
      <tr>
        <td>
          Buffalo Sabres
        </td>
        <td>
          2
        </td>
        <td>
          1
        </td>
        <td>
          3
        </td>
        <td>
          1
        </td>
        <td>
          0
        </td>
        <td>
          1
        </td>
        <td>
          1
        </td>
        <td>
          0
        </td>
        <td>
          0
        </td>
        <td>
          1
        </td>
        <td>
          1
        </td>
        <td>
          4
        </td>
        <td>
          16:58
        </td>
      </tr>
    </tbody>
  </table>
</div>
`;
