// Jest Snapshot v1, https://goo.gl/fbAQLP

exports[`SkaterTable should match snapshot 1`] = `
<table
  className="table is-narrow is-hoverable is-fullwidth"
>
  <thead>
    <tr>
      <th>
        Season
      </th>
      <th>
        Team
      </th>
      <th>
        <abbr
          title="Games Played"
        >
          GP
        </abbr>
      </th>
      <th>
        <abbr
          title="Goals"
        >
          G
        </abbr>
      </th>
      <th>
        <abbr
          title="Assists"
        >
          A
        </abbr>
      </th>
      <th>
        <abbr
          title="Points"
        >
          P
        </abbr>
      </th>
      <th>
        <abbr
          title="Plus / Minus"
        >
          +/-
        </abbr>
      </th>
      <th>
        <abbr
          title="Penalty in Minutes"
        >
          PIM
        </abbr>
      </th>
      <th>
        <abbr
          title="Powerplay Goals"
        >
          PPG
        </abbr>
      </th>
      <th>
        <abbr
          title="Powerplay Points"
        >
          PPP
        </abbr>
      </th>
      <th>
        <abbr
          title="Shorthanded Goals"
        >
          SHG
        </abbr>
      </th>
      <th>
        <abbr
          title="Shorthanded Points"
        >
          SHP
        </abbr>
      </th>
      <th>
        <abbr
          title="Game Winning Goals"
        >
          GWG
        </abbr>
      </th>
      <th>
        <abbr
          title="Overtime Goals"
        >
          OTG
        </abbr>
      </th>
      <th>
        <abbr
          title="Shots"
        >
          S
        </abbr>
      </th>
      <th>
        <abbr
          title="Shooting Percentage"
        >
          S%
        </abbr>
      </th>
    </tr>
  </thead>
  <tbody>
    <tr>
      <td>
        2016-2017
      </td>
      <td>
        DET
      </td>
      <td>
        7
      </td>
      <td>
        0
      </td>
      <td>
        0
      </td>
      <td>
        0
      </td>
      <td>
        -1
      </td>
      <td>
        0
      </td>
      <td>
        0
      </td>
      <td>
        0
      </td>
      <td>
        0
      </td>
      <td>
        0
      </td>
      <td>
        0
      </td>
      <td>
        0
      </td>
      <td>
        3
      </td>
      <td>
        0
      </td>
    </tr>
    <tr>
      <td>
        2016-2017
      </td>
      <td>
        Grand Rapids Griffins
      </td>
      <td>
        48
      </td>
      <td>
        12
      </td>
      <td>
        25
      </td>
      <td>
        37
      </td>
      <td>
        15
      </td>
      <td>
        37
      </td>
      <td />
      <td />
      <td />
      <td />
      <td />
      <td />
      <td />
      <td />
    </tr>
    <tr>
      <td>
        2017-2018
      </td>
      <td>
        DET
      </td>
      <td>
        48
      </td>
      <td>
        7
      </td>
      <td>
        17
      </td>
      <td>
        24
      </td>
      <td>
        -7
      </td>
      <td>
        39
      </td>
      <td>
        1
      </td>
      <td>
        2
      </td>
      <td>
        0
      </td>
      <td>
        0
      </td>
      <td>
        1
      </td>
      <td>
        0
      </td>
      <td>
        83
      </td>
      <td>
        8.4
      </td>
    </tr>
    <tr>
      <td>
        2017-2018
      </td>
      <td>
        Grand Rapids Griffins
      </td>
      <td>
        16
      </td>
      <td>
        7
      </td>
      <td>
        7
      </td>
      <td>
        14
      </td>
      <td>
        -5
      </td>
      <td>
        34
      </td>
      <td />
      <td />
      <td />
      <td />
      <td />
      <td />
      <td />
      <td />
    </tr>
    <tr>
      <td>
        2018-2019
      </td>
      <td>
        DET
      </td>
      <td>
        72
      </td>
      <td>
        21
      </td>
      <td>
        26
      </td>
      <td>
        47
      </td>
      <td>
        12
      </td>
      <td>
        36
      </td>
      <td>
        3
      </td>
      <td>
        6
      </td>
      <td>
        0
      </td>
      <td>
        0
      </td>
      <td>
        4
      </td>
      <td>
        1
      </td>
      <td>
        130
      </td>
      <td>
        16.2
      </td>
    </tr>
    <tr>
      <td>
        <strong>
          Career
        </strong>
      </td>
      <td />
      <td>
        <strong>
          127
        </strong>
      </td>
      <td>
        <strong>
          28
        </strong>
      </td>
      <td>
        <strong>
          43
        </strong>
      </td>
      <td>
        <strong>
          71
        </strong>
      </td>
      <td>
        <strong>
          4
        </strong>
      </td>
      <td>
        <strong>
          75
        </strong>
      </td>
      <td>
        <strong>
          4
        </strong>
      </td>
      <td>
        <strong>
          8
        </strong>
      </td>
      <td>
        <strong>
          0
        </strong>
      </td>
      <td>
        <strong>
          0
        </strong>
      </td>
      <td>
        <strong>
          5
        </strong>
      </td>
      <td>
        <strong>
          1
        </strong>
      </td>
      <td>
        <strong>
          216
        </strong>
      </td>
      <td>
        <strong>
          13
        </strong>
      </td>
    </tr>
  </tbody>
</table>
`;
