// Jest Snapshot v1, https://goo.gl/fbAQLP

exports[`SkaterTable should match snapshot 1`] = `
<table
  className="jsx-1823102791 table is-narrow is-hoverable is-fullwidth"
>
  <thead
    className="jsx-1823102791"
  >
    <tr
      className="jsx-1823102791"
    >
      <th
        className="jsx-1823102791"
      >
        <button
          className="jsx-1823102791 sort-button"
          onClick={[Function]}
          type="button"
        >
          Season
        </button>
      </th>
      <th
        className="jsx-1823102791"
      >
        Team
      </th>
      <th
        className="jsx-1823102791"
      >
        <button
          className="jsx-1823102791 sort-button"
          onClick={[Function]}
          type="button"
        >
          <abbr
            className="jsx-1823102791"
            title="Games Played"
          >
            GP
          </abbr>
        </button>
      </th>
      <th
        className="jsx-1823102791"
      >
        <button
          className="jsx-1823102791 sort-button"
          onClick={[Function]}
          type="button"
        >
          <abbr
            className="jsx-1823102791"
            title="Goals"
          >
            G
          </abbr>
        </button>
      </th>
      <th
        className="jsx-1823102791"
      >
        <button
          className="jsx-1823102791 sort-button"
          onClick={[Function]}
          type="button"
        >
          <abbr
            className="jsx-1823102791"
            title="Assists"
          >
            A
          </abbr>
        </button>
      </th>
      <th
        className="jsx-1823102791"
      >
        <button
          className="jsx-1823102791 sort-button"
          onClick={[Function]}
          type="button"
        >
          <abbr
            className="jsx-1823102791"
            title="Points"
          >
            P
          </abbr>
        </button>
      </th>
      <th
        className="jsx-1823102791"
      >
        <button
          className="jsx-1823102791 sort-button"
          onClick={[Function]}
          type="button"
        >
          <abbr
            className="jsx-1823102791"
            title="Plus / Minus"
          >
            +/-
          </abbr>
        </button>
      </th>
      <th
        className="jsx-1823102791"
      >
        <button
          className="jsx-1823102791 sort-button"
          onClick={[Function]}
          type="button"
        >
          <abbr
            className="jsx-1823102791"
            title="Penalty in Minutes"
          >
            PIM
          </abbr>
        </button>
      </th>
      <th
        className="jsx-1823102791"
      >
        <button
          className="jsx-1823102791 sort-button"
          onClick={[Function]}
          type="button"
        >
          <abbr
            className="jsx-1823102791"
            title="Powerplay Goals"
          >
            PPG
          </abbr>
        </button>
      </th>
      <th
        className="jsx-1823102791"
      >
        <button
          className="jsx-1823102791 sort-button"
          onClick={[Function]}
          type="button"
        >
          <abbr
            className="jsx-1823102791"
            title="Powerplay Points"
          >
            PPP
          </abbr>
        </button>
      </th>
      <th
        className="jsx-1823102791"
      >
        <button
          className="jsx-1823102791 sort-button"
          onClick={[Function]}
          type="button"
        >
          <abbr
            className="jsx-1823102791"
            title="Shorthanded Goals"
          >
            SHG
          </abbr>
        </button>
      </th>
      <th
        className="jsx-1823102791"
      >
        <button
          className="jsx-1823102791 sort-button"
          onClick={[Function]}
          type="button"
        >
          <abbr
            className="jsx-1823102791"
            title="Shorthanded Points"
          >
            SHP
          </abbr>
        </button>
      </th>
      <th
        className="jsx-1823102791"
      >
        <button
          className="jsx-1823102791 sort-button"
          onClick={[Function]}
          type="button"
        >
          <abbr
            className="jsx-1823102791"
            title="Game Winning Goals"
          >
            GWG
          </abbr>
        </button>
      </th>
      <th
        className="jsx-1823102791"
      >
        <button
          className="jsx-1823102791 sort-button"
          onClick={[Function]}
          type="button"
        >
          <abbr
            className="jsx-1823102791"
            title="Overtime Goals"
          >
            OTG
          </abbr>
        </button>
      </th>
      <th
        className="jsx-1823102791"
      >
        <button
          className="jsx-1823102791 sort-button"
          onClick={[Function]}
          type="button"
        >
          <abbr
            className="jsx-1823102791"
            title="Shots"
          >
            S
          </abbr>
        </button>
      </th>
      <th
        className="jsx-1823102791"
      >
        <button
          className="jsx-1823102791 sort-button"
          onClick={[Function]}
          type="button"
        >
          <abbr
            className="jsx-1823102791"
            title="Shooting Percentage"
          >
            S%
          </abbr>
        </button>
      </th>
    </tr>
  </thead>
  <tbody
    className="jsx-1823102791"
  >
    <tr
      className="jsx-1823102791"
    >
      <td
        className="jsx-1823102791 "
      >
        2016-2017
      </td>
      <td
        className="jsx-1823102791"
      >
        DET
      </td>
      <td
        className="jsx-1823102791 "
      >
        7
      </td>
      <td
        className="jsx-1823102791 "
      >
        0
      </td>
      <td
        className="jsx-1823102791 "
      >
        0
      </td>
      <td
        className="jsx-1823102791 "
      >
        0
      </td>
      <td
        className="jsx-1823102791 "
      >
        -1
      </td>
      <td
        className="jsx-1823102791 "
      >
        0
      </td>
      <td
        className="jsx-1823102791 "
      >
        0
      </td>
      <td
        className="jsx-1823102791 "
      >
        0
      </td>
      <td
        className="jsx-1823102791 "
      >
        0
      </td>
      <td
        className="jsx-1823102791 "
      >
        0
      </td>
      <td
        className="jsx-1823102791 "
      >
        0
      </td>
      <td
        className="jsx-1823102791 "
      >
        0
      </td>
      <td
        className="jsx-1823102791 "
      >
        3
      </td>
      <td
        className="jsx-1823102791 "
      >
        0
      </td>
    </tr>
    <tr
      className="jsx-1823102791"
    >
      <td
        className="jsx-1823102791 "
      >
        2016-2017
      </td>
      <td
        className="jsx-1823102791"
      >
        Grand Rapids Griffins
      </td>
      <td
        className="jsx-1823102791 "
      >
        48
      </td>
      <td
        className="jsx-1823102791 "
      >
        12
      </td>
      <td
        className="jsx-1823102791 "
      >
        25
      </td>
      <td
        className="jsx-1823102791 "
      >
        37
      </td>
      <td
        className="jsx-1823102791 "
      >
        15
      </td>
      <td
        className="jsx-1823102791 "
      >
        37
      </td>
      <td
        className="jsx-1823102791 "
      />
      <td
        className="jsx-1823102791 "
      />
      <td
        className="jsx-1823102791 "
      />
      <td
        className="jsx-1823102791 "
      />
      <td
        className="jsx-1823102791 "
      />
      <td
        className="jsx-1823102791 "
      />
      <td
        className="jsx-1823102791 "
      />
      <td
        className="jsx-1823102791 "
      />
    </tr>
    <tr
      className="jsx-1823102791"
    >
      <td
        className="jsx-1823102791 "
      >
        2017-2018
      </td>
      <td
        className="jsx-1823102791"
      >
        DET
      </td>
      <td
        className="jsx-1823102791 "
      >
        48
      </td>
      <td
        className="jsx-1823102791 "
      >
        7
      </td>
      <td
        className="jsx-1823102791 "
      >
        17
      </td>
      <td
        className="jsx-1823102791 "
      >
        24
      </td>
      <td
        className="jsx-1823102791 "
      >
        -7
      </td>
      <td
        className="jsx-1823102791 "
      >
        39
      </td>
      <td
        className="jsx-1823102791 "
      >
        1
      </td>
      <td
        className="jsx-1823102791 "
      >
        2
      </td>
      <td
        className="jsx-1823102791 "
      >
        0
      </td>
      <td
        className="jsx-1823102791 "
      >
        0
      </td>
      <td
        className="jsx-1823102791 "
      >
        1
      </td>
      <td
        className="jsx-1823102791 "
      >
        0
      </td>
      <td
        className="jsx-1823102791 "
      >
        83
      </td>
      <td
        className="jsx-1823102791 "
      >
        8.4
      </td>
    </tr>
    <tr
      className="jsx-1823102791"
    >
      <td
        className="jsx-1823102791 "
      >
        2017-2018
      </td>
      <td
        className="jsx-1823102791"
      >
        Grand Rapids Griffins
      </td>
      <td
        className="jsx-1823102791 "
      >
        16
      </td>
      <td
        className="jsx-1823102791 "
      >
        7
      </td>
      <td
        className="jsx-1823102791 "
      >
        7
      </td>
      <td
        className="jsx-1823102791 "
      >
        14
      </td>
      <td
        className="jsx-1823102791 "
      >
        -5
      </td>
      <td
        className="jsx-1823102791 "
      >
        34
      </td>
      <td
        className="jsx-1823102791 "
      />
      <td
        className="jsx-1823102791 "
      />
      <td
        className="jsx-1823102791 "
      />
      <td
        className="jsx-1823102791 "
      />
      <td
        className="jsx-1823102791 "
      />
      <td
        className="jsx-1823102791 "
      />
      <td
        className="jsx-1823102791 "
      />
      <td
        className="jsx-1823102791 "
      />
    </tr>
    <tr
      className="jsx-1823102791"
    >
      <td
        className="jsx-1823102791 "
      >
        2018-2019
      </td>
      <td
        className="jsx-1823102791"
      >
        DET
      </td>
      <td
        className="jsx-1823102791 "
      >
        72
      </td>
      <td
        className="jsx-1823102791 "
      >
        21
      </td>
      <td
        className="jsx-1823102791 "
      >
        26
      </td>
      <td
        className="jsx-1823102791 "
      >
        47
      </td>
      <td
        className="jsx-1823102791 "
      >
        12
      </td>
      <td
        className="jsx-1823102791 "
      >
        36
      </td>
      <td
        className="jsx-1823102791 "
      >
        3
      </td>
      <td
        className="jsx-1823102791 "
      >
        6
      </td>
      <td
        className="jsx-1823102791 "
      >
        0
      </td>
      <td
        className="jsx-1823102791 "
      >
        0
      </td>
      <td
        className="jsx-1823102791 "
      >
        4
      </td>
      <td
        className="jsx-1823102791 "
      >
        1
      </td>
      <td
        className="jsx-1823102791 "
      >
        130
      </td>
      <td
        className="jsx-1823102791 "
      >
        16.2
      </td>
    </tr>
    <tr
      className="jsx-1823102791"
    >
      <td
        className="jsx-1823102791"
      >
        <strong
          className="jsx-1823102791"
        >
          Career
        </strong>
      </td>
      <td
        className="jsx-1823102791"
      />
      <td
        className="jsx-1823102791"
      >
        <strong
          className="jsx-1823102791"
        >
          127
        </strong>
      </td>
      <td
        className="jsx-1823102791"
      >
        <strong
          className="jsx-1823102791"
        >
          28
        </strong>
      </td>
      <td
        className="jsx-1823102791"
      >
        <strong
          className="jsx-1823102791"
        >
          43
        </strong>
      </td>
      <td
        className="jsx-1823102791"
      >
        <strong
          className="jsx-1823102791"
        >
          71
        </strong>
      </td>
      <td
        className="jsx-1823102791"
      >
        <strong
          className="jsx-1823102791"
        >
          4
        </strong>
      </td>
      <td
        className="jsx-1823102791"
      >
        <strong
          className="jsx-1823102791"
        >
          75
        </strong>
      </td>
      <td
        className="jsx-1823102791"
      >
        <strong
          className="jsx-1823102791"
        >
          4
        </strong>
      </td>
      <td
        className="jsx-1823102791"
      >
        <strong
          className="jsx-1823102791"
        >
          8
        </strong>
      </td>
      <td
        className="jsx-1823102791"
      >
        <strong
          className="jsx-1823102791"
        >
          0
        </strong>
      </td>
      <td
        className="jsx-1823102791"
      >
        <strong
          className="jsx-1823102791"
        >
          0
        </strong>
      </td>
      <td
        className="jsx-1823102791"
      >
        <strong
          className="jsx-1823102791"
        >
          5
        </strong>
      </td>
      <td
        className="jsx-1823102791"
      >
        <strong
          className="jsx-1823102791"
        >
          1
        </strong>
      </td>
      <td
        className="jsx-1823102791"
      >
        <strong
          className="jsx-1823102791"
        >
          216
        </strong>
      </td>
      <td
        className="jsx-1823102791"
      >
        <strong
          className="jsx-1823102791"
        >
          13
        </strong>
      </td>
    </tr>
  </tbody>
</table>
`;
